// Jest Snapshot v1, https://goo.gl/fbAQLP

exports[`<ProductProperties /> should not render when an empty list of properties is passed 1`] = `
<Properties
  lineClamp={null}
  properties={Array []}
/>
`;

exports[`<ProductProperties /> should not render when no properties are passed 1`] = `
<Properties
  lineClamp={null}
  properties={Array []}
/>
`;

exports[`<ProductProperties /> should render as expected when properties are passed 1`] = `
<Properties
  lineClamp={null}
  properties={
    Array [
      Object {
        "label": "Label One",
        "value": "Value One",
      },
      Object {
        "label": "Label Two",
        "value": "Value Two",
      },
    ]
  }
>
  <ul>
    <li
      key="Label One-Value One"
    >
      Label One: Value One
    </li>
    <li
      key="Label Two-Value Two"
    >
      Label Two: Value Two
    </li>
  </ul>
</Properties>
`;
