// Jest Snapshot v1, https://goo.gl/fbAQLP

exports[`<ProductPropertiesGroup /> should render a group title row 1`] = `
<tr>
  <td
    className={
      Object {
        "data-css-1o9kcbq": "",
      }
    }
    colSpan="2"
  >
    Test
  </td>
</tr>
`;
