// Jest Snapshot v1, https://goo.gl/fbAQLP

exports[`<ProductPropertiesRows /> should not render if properties are empty 1`] = `
<Fragment>
  <ProductPropertiesRowUngrouped
    properties={Array []}
  />
  <ProductPropertiesSubGroups
    properties={Array []}
  />
</Fragment>
`;

exports[`<ProductPropertiesRows /> should render grouped and ungrouped properties 1`] = `
<Fragment>
  <ProductPropertiesRowUngrouped
    properties={
      Array [
        Object {
          "label": "test1",
          "value": "123",
        },
        Object {
          "label": "test2",
          "value": "456",
        },
        Object {
          "label": "test3",
          "subDisplayGroup": "TestGroup",
          "value": "789",
        },
      ]
    }
  />
  <ProductPropertiesSubGroups
    properties={
      Array [
        Object {
          "label": "test1",
          "value": "123",
        },
        Object {
          "label": "test2",
          "value": "456",
        },
        Object {
          "label": "test3",
          "subDisplayGroup": "TestGroup",
          "value": "789",
        },
      ]
    }
  />
</Fragment>
`;
