// Jest Snapshot v1, https://goo.gl/fbAQLP

exports[`<ProductPropertiesSubGroups /> should not render if there are not subgroups defined 1`] = `null`;

exports[`<ProductPropertiesSubGroups /> should render a group title and a group 1`] = `
<Fragment
  key="Test"
>
  <ProductPropertiesRowGroup
    group="Test"
  />
  <ProductPropertiesRowGrouped
    group="Test"
    properties={
      Array [
        Object {
          "label": "test1",
          "subDisplayGroup": "Test",
        },
        Object {
          "label": "tes21",
          "subDisplayGroup": "Test",
        },
      ]
    }
  />
</Fragment>
`;
