// Jest Snapshot v1, https://goo.gl/fbAQLP

exports[`<ProductPropertiesGroups /> should render two groups of properties 1`] = `
Array [
  <div
    className={
      Object {
        "data-css-fz7184": "",
      }
    }
    key="Group1"
  >
    <Accordion
      renderLabel={[Function]}
      testId="product-properties-group-Group1"
    >
      <div
        className={
          Object {
            "data-css-2c4onn": "",
          }
        }
      >
        <table>
          <tbody>
            <ProductPropertiesRows
              properties={
                Array [
                  Object {
                    "displayGroup": "Group1",
                  },
                  Object {
                    "displayGroup": "Group1",
                  },
                ]
              }
            />
          </tbody>
        </table>
      </div>
    </Accordion>
  </div>,
  <div
    className={
      Object {
        "data-css-fz7184": "",
      }
    }
    key="Group2"
  >
    <Accordion
      renderLabel={[Function]}
      testId="product-properties-group-Group2"
    >
      <div
        className={
          Object {
            "data-css-2c4onn": "",
          }
        }
      >
        <table>
          <tbody>
            <ProductPropertiesRows
              properties={
                Array [
                  Object {
                    "displayGroup": "Group2",
                  },
                  Object {
                    "displayGroup": "Group2",
                  },
                ]
              }
            />
          </tbody>
        </table>
      </div>
    </Accordion>
  </div>,
]
`;
