// Jest Snapshot v1, https://goo.gl/fbAQLP

exports[`<AccordionContent /> should render as closed 1`] = `
<section
  className={
    Object {
      "data-css-rdsogp": "",
    }
  }
  style={
    Object {
      "height": 0,
    }
  }
>
  <div
    className={
      Object {
        "data-css-yh2lvw": "",
      }
    }
  >
    <div>
      Some Child
    </div>
  </div>
</section>
`;

exports[`<AccordionContent /> should render as open 1`] = `
<section
  className={
    Object {
      "data-css-rdsogp": "",
    }
  }
  style={
    Object {
      "height": 0,
    }
  }
>
  <div
    className={
      Object {
        "data-css-yh2lvw": "",
      }
    }
  >
    <div>
      Some Child
    </div>
  </div>
</section>
`;
