// Jest Snapshot v1, https://goo.gl/fbAQLP

exports[`<Placeholder /> Given the component was mounted to the DOM should render 1`] = `
<I18nProvider>
  <Translate
    className=""
    params={Object {}}
    role={null}
    string="greeting"
  >
    <span
      className=""
      role={null}
    >
      Hello 
      <Placeholder
        forKey="world"
        key=".0"
      >
        <span>
          <strong>
            WORLD
          </strong>
        </span>
      </Placeholder>
      /
    </span>
  </Translate>
</I18nProvider>
`;
