// Jest Snapshot v1, https://goo.gl/fbAQLP

exports[`<List /> renders with children 1`] = `
<ul
  className=""
  role={null}
>
  <ListItem
    className={null}
    isSelected={false}
    key="0"
    role={null}
  />
  <ListItem
    className={null}
    isSelected={false}
    key="1"
    role={null}
  />
  <ListItem
    className={null}
    isSelected={false}
    key="2"
    role={null}
  />
</ul>
`;

exports[`<List /> renders without children 1`] = `
<ul
  className=""
  role={null}
/>
`;
