// Jest Snapshot v1, https://goo.gl/fbAQLP

exports[`<FulfillmentSelector /> should not render if the fulfillmentMethods do not contain inStorePickup 1`] = `""`;

exports[`<FulfillmentSelector /> should open the store selector sheet on selecting pick_up_in_store 1`] = `
<SurroundPortals
  portalName="product.fulfillment-selector"
  portalProps={
    Object {
      "productCode": "abc-123",
    }
  }
>
  <div
    className="css-12ywm8s"
    data-test-id="product-fulfillment-selector"
  >
    <div
      aria-hidden={true}
      className="css-10lhp8m"
      role="heading"
    >
      <Translate
        className=""
        params={Object {}}
        role={null}
        string="product.fulfillment_selector.heading"
        transform={null}
      />
    </div>
    <RadioGroup
      className="css-n7bvec"
      direction="column"
      errorText=""
      isControlled={true}
      label=""
      name="product.fulfillment_selector"
      onChange={[Function]}
      translateErrorText={true}
      value="product.fulfillment_selector.direct_ship"
    >
      <RadioItem
        checked={false}
        className="css-i8mws5"
        label={
          <div
            className="css-1hju4sd css-1siwvsy"
          >
            <Translate
              className=""
              params={Object {}}
              role={null}
              string="product.fulfillment_selector.direct_ship"
              transform={null}
            />
            <Connect(pure(Availability))
              fulfillmentSelection="directShip"
              productId="abc-123"
            />
          </div>
        }
        name="product.fulfillment_selector.direct_ship"
        onChange={[Function]}
      />
      <RadioItem
        checked={false}
        className="css-i8mws5"
        label={
          <div
            className="css-1hju4sd css-1siwvsy"
          >
            <Translate
              className=""
              params={Object {}}
              role={null}
              string="product.fulfillment_selector.pick_up_in_store"
              transform={null}
            />
            <pure(LocationStockInfo)
              location={
                Object {
                  "name": "Test Store",
                  "visibleInventory": 15,
                }
              }
            />
          </div>
        }
        name="product.fulfillment_selector.pick_up_in_store"
        onChange={[Function]}
      />
    </RadioGroup>
  </div>
</SurroundPortals>
`;

exports[`<FulfillmentSelector /> should render the fulfillment selector with two radio elements 1`] = `
<SurroundPortals
  portalName="product.fulfillment-selector"
  portalProps={
    Object {
      "productCode": "abc-123",
    }
  }
>
  <div
    className="css-12ywm8s"
    data-test-id="product-fulfillment-selector"
  >
    <div
      aria-hidden={true}
      className="css-10lhp8m"
      role="heading"
    >
      <Translate
        className=""
        params={Object {}}
        role={null}
        string="product.fulfillment_selector.heading"
        transform={null}
      />
    </div>
    <RadioGroup
      className="css-n7bvec"
      direction="column"
      errorText=""
      isControlled={true}
      label=""
      name="product.fulfillment_selector"
      onChange={[Function]}
      translateErrorText={true}
      value="product.fulfillment_selector.direct_ship"
    >
      <RadioItem
        checked={false}
        className="css-i8mws5"
        label={
          <div
            className="css-1hju4sd css-1siwvsy"
          >
            <Translate
              className=""
              params={Object {}}
              role={null}
              string="product.fulfillment_selector.direct_ship"
              transform={null}
            />
            <Connect(pure(Availability))
              fulfillmentSelection="directShip"
              productId="abc-123"
            />
          </div>
        }
        name="product.fulfillment_selector.direct_ship"
        onChange={[Function]}
      />
      <RadioItem
        checked={false}
        className="css-i8mws5"
        label={
          <div
            className="css-1hju4sd css-1siwvsy"
          >
            <Translate
              className=""
              params={Object {}}
              role={null}
              string="product.fulfillment_selector.pick_up_in_store"
              transform={null}
            />
            <pure(LocationStockInfo)
              location={
                Object {
                  "name": "Test Store",
                  "visibleInventory": 15,
                }
              }
            />
          </div>
        }
        name="product.fulfillment_selector.pick_up_in_store"
        onChange={[Function]}
      />
    </RadioGroup>
  </div>
</SurroundPortals>
`;
